<html>
<body>
<pre>
<h1>µVision Build Log</h1>
<h2>Tool Versions:</h2>
IDE-Version: ¦ÌVision V5.27.1.0
Copyright (C) 2019 ARM Ltd and ARM Germany GmbH. All rights reserved.
License Information: X X, X, LIC=W96CK-ZSQUQ-WKYB8-3V1GI-TV5Y3-CU1MC
 
Tool Versions:
Toolchain:       MDK-ARM Professional  Version: 5.27.1.0
Toolchain Path:  C:\Keil_v5\ARM\ARMCC\Bin
C Compiler:      Armcc.exe V5.06 update 6 (build 750)
Assembler:       Armasm.exe V5.06 update 6 (build 750)
Linker/Locator:  ArmLink.exe V5.06 update 6 (build 750)
Library Manager: ArmAr.exe V5.06 update 6 (build 750)
Hex Converter:   FromElf.exe V5.06 update 6 (build 750)
CPU DLL:         SARMCM3.DLL V5.27.1.0
Dialog DLL:      DCM.DLL V1.17.2.0
Target DLL:      Segger\JL2CM3.dll V2.99.35.0
Dialog DLL:      TCM.DLL V1.36.1.0
 
<h2>Project:</h2>
C:\Users\X\Desktop\Vision_Stand\Vision_Stand\MDK-ARM\ADC_F4_TEST.uvprojx
Project File Date:  04/29/2022

<h2>Output:</h2>
*** Using Compiler 'V5.06 update 6 (build 750)', folder: 'C:\Keil_v5\ARM\ARMCC\Bin'
Build target 'ADC_F4_TEST'
compiling rocker.c...
..\User\ROCKER\rocker.c(46): warning:  #1035-D: single-precision operand implicitly converted to double-precision
      ady = ady / 25.0 * 3.3 / 4096;
..\User\ROCKER\rocker.c(47): warning:  #1035-D: single-precision operand implicitly converted to double-precision
      adx = adx / 25.0 * 3.3 / 4096;
..\User\ROCKER\rocker.c(56): warning:  #1035-D: single-precision operand implicitly converted to double-precision
      adx = adx / 3.3 * 240;
..\User\ROCKER\rocker.c(57): warning:  #1035-D: single-precision operand implicitly converted to double-precision
      ady = ady / 3.3 * 240;
..\User\ROCKER\rocker.c(40): warning:  #177-D: variable "x"  was declared but never referenced
      u8 x, y;
..\User\ROCKER\rocker.c(40): warning:  #177-D: variable "y"  was declared but never referenced
      u8 x, y;
..\User\ROCKER\rocker.c(99): warning:  #1035-D: single-precision operand implicitly converted to double-precision
          pscX = (u16)(100 + screenSite.x_now * 7.5);
..\User\ROCKER\rocker.c(109): warning:  #1035-D: single-precision operand implicitly converted to double-precision
          pscX = (u16)(1900 - screenSite.x_now * 7.5);
..\User\ROCKER\rocker.c: 8 warnings, 0 errors
linking...
Program Size: Code=18994 RO-data=13774 RW-data=112 ZI-data=35576  
FromELF: creating hex file...
"ADC_F4_TEST\ADC_F4_TEST.axf" - 0 Error(s), 8 Warning(s).

<h2>Software Packages used:</h2>

Package Vendor: ARM
                http://www.keil.com/pack/ARM.CMSIS.5.8.0.pack
                ARM.CMSIS.5.8.0
                CMSIS (Common Microcontroller Software Interface Standard)
   * Component: CORE Version: 5.5.0

Package Vendor: Keil
                http://www.keil.com/pack/Keil.STM32F4xx_DFP.2.16.0.pack
                Keil.STM32F4xx_DFP.2.16.0
                STMicroelectronics STM32F4 Series Device Support, Drivers and Examples

<h2>Collection of Component include folders:</h2>
  .\RTE\_ADC_F4_TEST
  C:\Users\X\AppData\Local\Arm\Packs\ARM\CMSIS\5.8.0\CMSIS\Core\Include
  C:\Users\X\AppData\Local\Arm\Packs\Keil\STM32F4xx_DFP\2.16.0\Drivers\CMSIS\Device\ST\STM32F4xx\Include

<h2>Collection of Component Files used:</h2>

   * Component: ARM::CMSIS:CORE:5.5.0
      Include file:  CMSIS\Core\Include\tz_context.h
Build Time Elapsed:  00:00:06
</pre>
</body>
</html>
