<html>
<body>
<pre>
<h1>µVision Build Log</h1>
<h2>Tool Versions:</h2>
IDE-Version: ¦ÌVision V5.27.1.0
Copyright (C) 2019 ARM Ltd and ARM Germany GmbH. All rights reserved.
License Information: X X, X, LIC=W96CK-ZSQUQ-WKYB8-3V1GI-TV5Y3-CU1MC
 
Tool Versions:
Toolchain:       MDK-ARM Professional  Version: 5.27.1.0
Toolchain Path:  C:\Keil_v5\ARM\ARMCC\Bin
C Compiler:      Armcc.exe V5.06 update 6 (build 750)
Assembler:       Armasm.exe V5.06 update 6 (build 750)
Linker/Locator:  ArmLink.exe V5.06 update 6 (build 750)
Library Manager: ArmAr.exe V5.06 update 6 (build 750)
Hex Converter:   FromElf.exe V5.06 update 6 (build 750)
CPU DLL:         SARMCM3.DLL V5.27.1.0
Dialog DLL:      DCM.DLL V1.17.2.0
Target DLL:      CMSIS_AGDI.dll V1.31.17.0
Dialog DLL:      TCM.DLL V1.36.1.0
 
<h2>Project:</h2>
C:\Users\X\Desktop\Vision_Stand\Vision_Stand\MDK-ARM\ADC_F4_TEST.uvprojx
Project File Date:  04/29/2022

<h2>Output:</h2>
*** Using Compiler 'V5.06 update 6 (build 750)', folder: 'C:\Keil_v5\ARM\ARMCC\Bin'
Build target 'ADC_F4_TEST'
compiling pageControl.c...
compiling pageRoll.c...
..\User\LVGL\lvgl_app\pageRoll.c(43): warning:  #177-D: function "event_callback"  was declared but never referenced
  static void event_callback(lv_obj_t *obj, lv_event_t event)
..\User\LVGL\lvgl_app\pageRoll.c: 1 warning, 0 errors
compiling pageAbout.c...
..\User\LVGL\lvgl_app\pageAbout.c(45): warning:  #177-D: function "event_callback"  was declared but never referenced
  static void event_callback(lv_obj_t *obj, lv_event_t event)
..\User\LVGL\lvgl_app\pageAbout.c: 1 warning, 0 errors
compiling pageRemember.c...
..\User\LVGL\lvgl_app\pageRemember.c(97): warning:  #177-D: variable "ID"  was declared but never referenced
          static u8 ID = 1;
..\User\LVGL\lvgl_app\pageRemember.c: 1 warning, 0 errors
compiling main.c...
linking...
Program Size: Code=18918 RO-data=13774 RW-data=112 ZI-data=35576  
FromELF: creating hex file...
"ADC_F4_TEST\ADC_F4_TEST.axf" - 0 Error(s), 3 Warning(s).

<h2>Software Packages used:</h2>

Package Vendor: ARM
                http://www.keil.com/pack/ARM.CMSIS.5.8.0.pack
                ARM.CMSIS.5.8.0
                CMSIS (Common Microcontroller Software Interface Standard)
   * Component: CORE Version: 5.5.0

Package Vendor: Keil
                http://www.keil.com/pack/Keil.STM32F4xx_DFP.2.16.0.pack
                Keil.STM32F4xx_DFP.2.16.0
                STMicroelectronics STM32F4 Series Device Support, Drivers and Examples

<h2>Collection of Component include folders:</h2>
  .\RTE\_ADC_F4_TEST
  C:\Users\X\AppData\Local\Arm\Packs\ARM\CMSIS\5.8.0\CMSIS\Core\Include
  C:\Users\X\AppData\Local\Arm\Packs\Keil\STM32F4xx_DFP\2.16.0\Drivers\CMSIS\Device\ST\STM32F4xx\Include

<h2>Collection of Component Files used:</h2>

   * Component: ARM::CMSIS:CORE:5.5.0
      Include file:  CMSIS\Core\Include\tz_context.h
Build Time Elapsed:  00:00:09
</pre>
</body>
</html>
